{
  "format_version": "1.8.0",
  "minecraft:attachable": {
    "description": {
      "identifier": "minecraft:golden_chestplate",
      "materials": {
		"enchanted": "armor_enchanted",
        "default": "entity_emissive_alpha"
      },
      "textures": {
        "default": "textures/models/armor/gold_1",
        "enchanted": "textures/enchanted_item_glint"
      },
	  "render_controllers": ["controller.render.custom_armor_enchanted", "controller.render.custom_armor_default"],
      "geometry": {
        "default": "geometry.humanoid.armor.chestplate"
      },
      "scripts": {
        "parent_setup": "variable.chest_layer_visible = 0.0;"
      }
    }
  }
}
